// Jest Snapshot v1, https://goo.gl/fbAQLP

exports[`matches snapshot 1`] = `
<div>
  <div
    class="sc-bqWxrE laMVq"
  >
    <div>
      <div
        class="sc-jSUZER aqICG"
      >
        <div
          class="sc-hLBbgP bldSqn"
          color="white"
        />
        <div
          class="sc-hLBbgP dCxjxY"
          color="black"
        />
        <div
          class="sc-hLBbgP bldSqn"
          color="white"
        />
        <div
          class="sc-hLBbgP dCxjxY"
          color="black"
        />
        <div
          class="sc-hLBbgP bldSqn"
          color="white"
        />
        <div
          class="sc-hLBbgP dCxjxY"
          color="black"
        />
        <div
          class="sc-hLBbgP bldSqn"
          color="white"
        />
        <div
          class="sc-hLBbgP dCxjxY"
          color="black"
        >
          <div
            class="sc-bcXHqe gGFMfw react-draggable"
            color="rgb(222,222,222)"
            style="transform: translate(0px,0px);"
          >
            <div
              class="sc-dkrFOg fmVpSy"
            >
              <div
                class="sc-gswNZR eMwWNB"
                direction="up"
              />
            </div>
          </div>
        </div>
        <div
          class="sc-hLBbgP bldSqn"
          color="white"
        />
        <div
          class="sc-hLBbgP dCxjxY"
          color="black"
        />
        <div
          class="sc-hLBbgP dCxjxY"
          color="black"
        />
        <div
          class="sc-hLBbgP bldSqn"
          color="white"
        />
        <div
          class="sc-hLBbgP dCxjxY"
          color="black"
        />
        <div
          class="sc-hLBbgP bldSqn"
          color="white"
        />
        <div
          class="sc-hLBbgP dCxjxY"
          color="black"
        />
        <div
          class="sc-hLBbgP bldSqn"
          color="white"
        />
        <div
          class="sc-hLBbgP dCxjxY"
          color="black"
        />
        <div
          class="sc-hLBbgP bldSqn"
          color="white"
        />
        <div
          class="sc-hLBbgP dCxjxY"
          color="black"
        />
        <div
          class="sc-hLBbgP bldSqn"
          color="white"
        />
        <div
          class="sc-hLBbgP bldSqn"
          color="white"
        />
        <div
          class="sc-hLBbgP dCxjxY"
          color="black"
        />
        <div
          class="sc-hLBbgP bldSqn"
          color="white"
        />
        <div
          class="sc-hLBbgP dCxjxY"
          color="black"
        />
        <div
          class="sc-hLBbgP bldSqn"
          color="white"
        />
        <div
          class="sc-hLBbgP dCxjxY"
          color="black"
        >
          <div
            class="sc-bcXHqe fKBXoM react-draggable"
            color="orange"
            style="transform: translate(0px,0px);"
          >
            <div
              class="sc-dkrFOg fmVpSy"
            >
              <div
                class="sc-gswNZR ijbjVD"
                direction="down"
              />
            </div>
          </div>
        </div>
        <div
          class="sc-hLBbgP bldSqn"
          color="white"
        />
        <div
          class="sc-hLBbgP dCxjxY"
          color="black"
        />
        <div
          class="sc-hLBbgP bldSqn"
          color="white"
        />
        <div
          class="sc-hLBbgP dCxjxY"
          color="black"
        />
        <div
          class="sc-hLBbgP dCxjxY"
          color="black"
        />
        <div
          class="sc-hLBbgP bldSqn"
          color="white"
        />
        <div
          class="sc-hLBbgP dCxjxY"
          color="black"
        />
        <div
          class="sc-hLBbgP bldSqn"
          color="white"
        />
        <div
          class="sc-hLBbgP dCxjxY"
          color="black"
        />
        <div
          class="sc-hLBbgP bldSqn"
          color="white"
        />
        <div
          class="sc-hLBbgP dCxjxY"
          color="black"
        />
        <div
          class="sc-hLBbgP bldSqn"
          color="white"
        />
        <div
          class="sc-hLBbgP dCxjxY"
          color="black"
        />
        <div
          class="sc-hLBbgP bldSqn"
          color="white"
        />
        <div
          class="sc-hLBbgP bldSqn"
          color="white"
        />
        <div
          class="sc-hLBbgP dCxjxY"
          color="black"
        />
        <div
          class="sc-hLBbgP bldSqn"
          color="white"
        />
        <div
          class="sc-hLBbgP dCxjxY"
          color="black"
        />
        <div
          class="sc-hLBbgP bldSqn"
          color="white"
        />
        <div
          class="sc-hLBbgP dCxjxY"
          color="black"
        />
        <div
          class="sc-hLBbgP bldSqn"
          color="white"
        />
        <div
          class="sc-hLBbgP dCxjxY"
          color="black"
        />
        <div
          class="sc-hLBbgP bldSqn"
          color="white"
        />
        <div
          class="sc-hLBbgP dCxjxY"
          color="black"
        />
        <div
          class="sc-hLBbgP dCxjxY"
          color="black"
        />
        <div
          class="sc-hLBbgP bldSqn"
          color="white"
        />
        <div
          class="sc-hLBbgP dCxjxY"
          color="black"
        />
        <div
          class="sc-hLBbgP bldSqn"
          color="white"
        />
        <div
          class="sc-hLBbgP dCxjxY"
          color="black"
        />
        <div
          class="sc-hLBbgP bldSqn"
          color="white"
        />
        <div
          class="sc-hLBbgP dCxjxY"
          color="black"
        />
        <div
          class="sc-hLBbgP bldSqn"
          color="white"
        />
        <div
          class="sc-hLBbgP dCxjxY"
          color="black"
        />
        <div
          class="sc-hLBbgP bldSqn"
          color="white"
        />
        <div
          class="sc-hLBbgP bldSqn"
          color="white"
        />
        <div
          class="sc-hLBbgP dCxjxY"
          color="black"
        />
        <div
          class="sc-hLBbgP bldSqn"
          color="white"
        />
        <div
          class="sc-hLBbgP dCxjxY"
          color="black"
        />
        <div
          class="sc-hLBbgP bldSqn"
          color="white"
        />
        <div
          class="sc-hLBbgP dCxjxY"
          color="black"
        />
        <div
          class="sc-hLBbgP bldSqn"
          color="white"
        />
        <div
          class="sc-hLBbgP dCxjxY"
          color="black"
        />
        <div
          class="sc-hLBbgP bldSqn"
          color="white"
        />
        <div
          class="sc-hLBbgP dCxjxY"
          color="black"
        />
        <div
          class="sc-hLBbgP dCxjxY"
          color="black"
        />
        <div
          class="sc-hLBbgP bldSqn"
          color="white"
        />
        <div
          class="sc-hLBbgP dCxjxY"
          color="black"
        />
        <div
          class="sc-hLBbgP bldSqn"
          color="white"
        />
        <div
          class="sc-hLBbgP dCxjxY"
          color="black"
        />
        <div
          class="sc-hLBbgP bldSqn"
          color="white"
        />
        <div
          class="sc-hLBbgP dCxjxY"
          color="black"
        />
        <div
          class="sc-hLBbgP bldSqn"
          color="white"
        />
        <div
          class="sc-hLBbgP dCxjxY"
          color="black"
        />
        <div
          class="sc-hLBbgP bldSqn"
          color="white"
        />
        <div
          class="sc-hLBbgP bldSqn"
          color="white"
        />
        <div
          class="sc-hLBbgP dCxjxY"
          color="black"
        />
        <div
          class="sc-hLBbgP bldSqn"
          color="white"
        />
        <div
          class="sc-hLBbgP dCxjxY"
          color="black"
        />
        <div
          class="sc-hLBbgP bldSqn"
          color="white"
        />
        <div
          class="sc-hLBbgP dCxjxY"
          color="black"
        />
        <div
          class="sc-hLBbgP bldSqn"
          color="white"
        />
        <div
          class="sc-hLBbgP dCxjxY"
          color="black"
        />
        <div
          class="sc-hLBbgP bldSqn"
          color="white"
        />
        <div
          class="sc-hLBbgP dCxjxY"
          color="black"
        />
        <div
          class="sc-hLBbgP dCxjxY"
          color="black"
        />
        <div
          class="sc-hLBbgP bldSqn"
          color="white"
        />
        <div
          class="sc-hLBbgP dCxjxY"
          color="black"
        />
        <div
          class="sc-hLBbgP bldSqn"
          color="white"
        />
        <div
          class="sc-hLBbgP dCxjxY"
          color="black"
        />
        <div
          class="sc-hLBbgP bldSqn"
          color="white"
        />
        <div
          class="sc-hLBbgP dCxjxY"
          color="black"
        />
        <div
          class="sc-hLBbgP bldSqn"
          color="white"
        />
        <div
          class="sc-hLBbgP dCxjxY"
          color="black"
        />
        <div
          class="sc-hLBbgP bldSqn"
          color="white"
        />
      </div>
      <div
        class="sc-ipEyDJ iwjXVa"
      >
        <span
          class="sc-gKPRtg gXNtLV"
          color="white"
        />
        <div
          class="sc-csuSiG bLCRUo"
        >
          next
        </div>
      </div>
      <div
        class="sc-eDWCr hsPPCD"
      >
        v: 
        1.1.0
      </div>
    </div>
    <div>
      <div
        class="sc-kDvujY icIOHb"
      >
        <div />
      </div>
      <div
        class="MuiFormGroup-root css-dmmspl-MuiFormGroup-root"
      >
        <label
          class="MuiFormControlLabel-root MuiFormControlLabel-labelPlacementStart css-1f2kvjf-MuiFormControlLabel-root"
        >
          <span
            class="MuiSwitch-root MuiSwitch-sizeSmall css-1ycxvqq-MuiSwitch-root"
          >
            <span
              class="MuiButtonBase-root MuiSwitch-switchBase MuiSwitch-colorPrimary PrivateSwitchBase-root MuiSwitch-switchBase MuiSwitch-colorPrimary css-5ryogn-MuiButtonBase-root-MuiSwitch-switchBase"
            >
              <input
                class="PrivateSwitchBase-input MuiSwitch-input css-1m9pwf3"
                type="checkbox"
              />
              <span
                class="MuiSwitch-thumb css-jsexje-MuiSwitch-thumb"
              />
              <span
                class="MuiTouchRipple-root css-8je8zh-MuiTouchRipple-root"
              />
            </span>
            <span
              class="MuiSwitch-track css-1yjjitx-MuiSwitch-track"
            />
          </span>
          <span
            class="MuiTypography-root MuiTypography-body1 MuiFormControlLabel-label css-ahj2mt-MuiTypography-root"
          >
            reduxLogs
          </span>
        </label>
        <label
          class="MuiFormControlLabel-root MuiFormControlLabel-labelPlacementStart css-1f2kvjf-MuiFormControlLabel-root"
        >
          <span
            class="MuiSwitch-root MuiSwitch-sizeSmall css-1ycxvqq-MuiSwitch-root"
          >
            <span
              class="MuiButtonBase-root MuiSwitch-switchBase MuiSwitch-colorPrimary PrivateSwitchBase-root MuiSwitch-switchBase MuiSwitch-colorPrimary css-5ryogn-MuiButtonBase-root-MuiSwitch-switchBase"
            >
              <input
                class="PrivateSwitchBase-input MuiSwitch-input css-1m9pwf3"
                type="checkbox"
              />
              <span
                class="MuiSwitch-thumb css-jsexje-MuiSwitch-thumb"
              />
              <span
                class="MuiTouchRipple-root css-8je8zh-MuiTouchRipple-root"
              />
            </span>
            <span
              class="MuiSwitch-track css-1yjjitx-MuiSwitch-track"
            />
          </span>
          <span
            class="MuiTypography-root MuiTypography-body1 MuiFormControlLabel-label css-ahj2mt-MuiTypography-root"
          >
            fieldsCoordinates
          </span>
        </label>
      </div>
    </div>
  </div>
</div>
`;
